// Vitest Snapshot v1, https://vitest.dev/guide/snapshot.html

exports[`FloatingDock — profile state > matches the profile-state snapshot (catches hidden-icon / empty-gap regressions) 1`] = `
<nav
  aria-hidden="false"
  aria-label="Primary"
  class="fd-shell absolute bottom-5 left-1/2 -translate-x-1/2 z-[55] opacity-100"
  data-collapsed="false"
  data-reduced="false"
>
  <div
    class="flex items-center gap-3"
  >
    <div
      aria-label="Sections"
      class="fd-pill flex items-center relative"
      role="tablist"
    >
      <span
        aria-hidden="true"
        class="fd-tab-indicator"
        style="transform: translateX(0px); width: 0px; opacity: 0;"
      />
      <button
        aria-current="page"
        aria-label="Profile"
        class="fd-tab flex flex-col items-center py-2 px-5 rounded-full focus:outline-none fd-tab-active text-white"
        data-collapsed="false"
        type="button"
      >
        <svg
          aria-hidden="true"
          class="lucide lucide-user w-5 h-5 fd-tab-icon"
          fill="none"
          height="24"
          stroke="currentColor"
          stroke-linecap="round"
          stroke-linejoin="round"
          stroke-width="2"
          viewBox="0 0 24 24"
          width="24"
          xmlns="http://www.w3.org/2000/svg"
        >
          <path
            d="M19 21v-2a4 4 0 0 0-4-4H9a4 4 0 0 0-4 4v2"
          />
          <circle
            cx="12"
            cy="7"
            r="4"
          />
        </svg>
        <span
          class="text-[11px] mt-0.5 fd-tab-label font-semibold"
        >
          Profile
        </span>
      </button>
    </div>
  </div>
</nav>
`;
